2026-04-22 17:45:13.801 -05:00 [INF] : 🚀 Iniciando Lumini School API...
2026-04-22 17:45:13.928 -05:00 [INF] Microsoft.AspNetCore.DataProtection.KeyManagement.XmlKeyManager: User profile is available. Using 'C:\Users\User\AppData\Local\ASP.NET\DataProtection-Keys' as key repository and Windows DPAPI to encrypt keys at rest.
2026-04-22 17:45:14.443 -05:00 [INF] Microsoft.Hosting.Lifetime: Now listening on: https://localhost:64685
2026-04-22 17:45:14.444 -05:00 [INF] Microsoft.Hosting.Lifetime: Now listening on: http://localhost:64686
2026-04-22 17:45:14.502 -05:00 [INF] Microsoft.Hosting.Lifetime: Application started. Press Ctrl+C to shut down.
2026-04-22 17:45:14.504 -05:00 [INF] Microsoft.Hosting.Lifetime: Hosting environment: Development
2026-04-22 17:45:14.505 -05:00 [INF] Microsoft.Hosting.Lifetime: Content root path: C:\Users\User\Desktop\LuminiSchool\Backend\Presentation
2026-04-22 17:45:15.897 -05:00 [INF] Microsoft.AspNetCore.Hosting.Diagnostics: Request starting HTTP/2 GET https://localhost:64685/ - null null
2026-04-22 17:45:16.701 -05:00 [INF] Serilog.AspNetCore.RequestLoggingMiddleware: HTTP GET / responded 404 in 141.5738 ms
2026-04-22 17:45:16.715 -05:00 [INF] Microsoft.AspNetCore.Hosting.Diagnostics: Request finished HTTP/2 GET https://localhost:64685/ - 404 null null 826.41ms
2026-04-22 17:45:16.722 -05:00 [INF] Microsoft.AspNetCore.Hosting.Diagnostics: Request reached the end of the middleware pipeline without being handled by application code. Request path: GET https://localhost:64685/, Response status code: 404
2026-04-22 17:46:28.334 -05:00 [INF] Microsoft.AspNetCore.Hosting.Diagnostics: Request starting HTTP/2 GET https://localhost:64685/swagger - null null
2026-04-22 17:46:28.352 -05:00 [INF] Microsoft.AspNetCore.Hosting.Diagnostics: Request finished HTTP/2 GET https://localhost:64685/swagger - 301 null null 21.8902ms
2026-04-22 17:46:28.366 -05:00 [INF] Microsoft.AspNetCore.Hosting.Diagnostics: Request starting HTTP/2 GET https://localhost:64685/swagger/index.html - null null
2026-04-22 17:46:28.460 -05:00 [INF] Microsoft.AspNetCore.Hosting.Diagnostics: Request finished HTTP/2 GET https://localhost:64685/swagger/index.html - 200 null text/html;charset=utf-8 94.1463ms
2026-04-22 17:46:28.532 -05:00 [INF] Microsoft.AspNetCore.Hosting.Diagnostics: Request starting HTTP/2 GET https://localhost:64685/swagger/swagger-ui.css - null null
2026-04-22 17:46:28.546 -05:00 [INF] Microsoft.AspNetCore.Hosting.Diagnostics: Request starting HTTP/2 GET https://localhost:64685/_vs/browserLink - null null
2026-04-22 17:46:28.546 -05:00 [INF] Microsoft.AspNetCore.Hosting.Diagnostics: Request starting HTTP/2 GET https://localhost:64685/_framework/aspnetcore-browser-refresh.js - null null
2026-04-22 17:46:28.546 -05:00 [INF] Microsoft.AspNetCore.Hosting.Diagnostics: Request starting HTTP/2 GET https://localhost:64685/swagger/swagger-ui-standalone-preset.js - null null
2026-04-22 17:46:28.546 -05:00 [INF] Microsoft.AspNetCore.Hosting.Diagnostics: Request starting HTTP/2 GET https://localhost:64685/swagger/swagger-ui-bundle.js - null null
2026-04-22 17:46:28.585 -05:00 [INF] Microsoft.AspNetCore.Hosting.Diagnostics: Request finished HTTP/2 GET https://localhost:64685/_framework/aspnetcore-browser-refresh.js - 200 16535 application/javascript; charset=utf-8 38.1243ms
2026-04-22 17:46:28.598 -05:00 [INF] Microsoft.AspNetCore.StaticFiles.StaticFileMiddleware: Sending file. Request path: '/swagger-ui.css'. Physical path: 'N/A'
2026-04-22 17:46:28.600 -05:00 [INF] Microsoft.AspNetCore.StaticFiles.StaticFileMiddleware: Sending file. Request path: '/swagger-ui-standalone-preset.js'. Physical path: 'N/A'
2026-04-22 17:46:28.601 -05:00 [INF] Microsoft.AspNetCore.Hosting.Diagnostics: Request finished HTTP/2 GET https://localhost:64685/swagger/swagger-ui.css - 200 144929 text/css 68.6813ms
2026-04-22 17:46:28.602 -05:00 [INF] Microsoft.AspNetCore.Hosting.Diagnostics: Request finished HTTP/2 GET https://localhost:64685/swagger/swagger-ui-standalone-preset.js - 200 312163 text/javascript 56.7416ms
2026-04-22 17:46:28.639 -05:00 [INF] Microsoft.AspNetCore.StaticFiles.StaticFileMiddleware: Sending file. Request path: '/swagger-ui-bundle.js'. Physical path: 'N/A'
2026-04-22 17:46:28.642 -05:00 [INF] Microsoft.AspNetCore.Hosting.Diagnostics: Request finished HTTP/2 GET https://localhost:64685/swagger/swagger-ui-bundle.js - 200 1061536 text/javascript 96.1562ms
2026-04-22 17:46:28.684 -05:00 [INF] Microsoft.AspNetCore.Hosting.Diagnostics: Request finished HTTP/2 GET https://localhost:64685/_vs/browserLink - 200 null text/javascript; charset=UTF-8 138.671ms
2026-04-22 17:46:28.801 -05:00 [INF] Microsoft.AspNetCore.Hosting.Diagnostics: Request starting HTTP/2 GET https://localhost:64685/swagger/v1/swagger.json - null null
2026-04-22 17:46:28.839 -05:00 [INF] Microsoft.AspNetCore.Hosting.Diagnostics: Request finished HTTP/2 GET https://localhost:64685/swagger/v1/swagger.json - 200 null application/json;charset=utf-8 37.8845ms
2026-04-22 17:46:28.895 -05:00 [INF] Microsoft.AspNetCore.Hosting.Diagnostics: Request starting HTTP/2 GET https://localhost:64685/swagger/favicon-32x32.png - null null
2026-04-22 17:46:28.897 -05:00 [INF] Microsoft.AspNetCore.StaticFiles.StaticFileMiddleware: Sending file. Request path: '/favicon-32x32.png'. Physical path: 'N/A'
2026-04-22 17:46:28.899 -05:00 [INF] Microsoft.AspNetCore.Hosting.Diagnostics: Request finished HTTP/2 GET https://localhost:64685/swagger/favicon-32x32.png - 200 628 image/png 5.2499ms
